// Jest Snapshot v1, https://goo.gl/fbAQLP

exports[`MovieCard component matches the snapshot 1`] = `<div />`;

exports[`MovieCard component matches the snapshot 2`] = `<div />`;
