// Jest Snapshot v1, https://goo.gl/fbAQLP

exports[`matches the snapshot 1`] = `
<div>
  <div
    class="container"
    style="margin-top: 1rem;"
  >
    <div
      class="row"
    />
  </div>
</div>
`;
